// Jest Snapshot v1, https://goo.gl/fbAQLP

exports[`Renderizar el componente <FirstApp /> Default props render 1`] = `
<div>
  <h1>
    Default Title
  </h1>
  <p>
    Soy un subtitulo
  </p>
  <p>
    Goku
  </p>
</div>
`;
