// Jest Snapshot v1, https://goo.gl/fbAQLP

exports[`Component <FirstApp /> Render match with snapshot 1`] = `
<div>
  <h1>
    Titulo principal
  </h1>
  <p>
    Titulo secundario
  </p>
  <p>
    Ramsess
  </p>
</div>
`;
